experience: 300 tasks
eval A0: 100 tasks
learn 1: 3 ledger rows, 3 applied
learn 2: 3 ledger rows, 3 applied
# selfimprove_aba — A/B/A/B causal proof

held-out task success — same tasks, same order, seed 1 (100 tasks):

| state | success | rate | tool errors | mean steps |
|---|---|---|---|---|
| A0 before lessons | 55/100 | 55.0% | 115 | 6.8 |
| B  lessons applied | 71/100 | 71.0% | 82 | 7.2 |
| A1 lessons rolled back | 52/100 | 52.0% | 111 | 6.7 |
| B2 lessons re-applied | 64/100 | 64.0% | 86 | 7.1 |

per-rule mishandling recurrence (tasks mishandling / tasks exercising):

| rule | A0 | B | A1 | B2 |
|---|---|---|---|---|
| R1 | 0/45 | 0/45 | 0/45 | 0/45 |
| R2 | 0/100 | 0/100 | 0/100 | 0/100 |
| R3 | 0/50 | 0/50 | 0/50 | 0/50 |
| R4 | 15/25 | 7/25 | 12/25 | 10/25 |
| R5 | 9/25 | 0/25 | 8/25 | 0/25 |
| R6 | 26/51 | 19/51 | 32/51 | 25/51 |

governance ledger: 6 rows — 6 applied, 0 rejected, 0 advisory, 0 apply_failed
  (first pass applied 3, re-apply pass applied 3 — a rolled-back hash is terminal, so restoration is a fresh governed proposal)
