| arm | 0 | 10 | 20 | 30 | 40 | seeds |
|---|---:|---:|---:|---:|---:|---:|
| no memory | 97 |  |  |  | 97 | 3 |
| mem0 | 97 | 97 | 97 | 103 | 107 | 3 |
| mem0 (raw) | 97 | 137 | 129 | 117 | 125 | 3 |
| mem0 (domain) | 97 | 96 | 95 | 110 | 136 | 3 |
| Areev — governed | 97 | 390 | 376 | 393 | 382 | 3 |
| small model + rules |  |  |  |  | 172 | 3 |
| Areev — tuned SLM |  |  |  |  | 571 | 3 |
areev_vs_none               286 wins /    1 losses  p=0.0000  (n=720)
areev_vs_mem0/default       288 wins /   13 losses  p=0.0000  (n=720)
areev_vs_mem0/raw           286 wins /   29 losses  p=0.0000  (n=720)
areev_vs_mem0/domain        286 wins /   40 losses  p=0.0000  (n=720)
areev_vs_slm/base           226 wins /   16 losses  p=0.0000  (n=720)
areev_vs_slm/tuned           45 wins /  234 losses  p=0.0000  (n=720)
cost areev          inference $0.00005/call over 1371 calls; memory $0.0735 over 216 calls
cost mem0/default   inference $0.00009/call over 1200 calls; memory $0.0678 over 118 calls
cost mem0/domain    inference $0.00006/call over 1196 calls; memory $0.0735 over 118 calls
cost mem0/raw       inference $0.00016/call over 1200 calls; memory $0.0000 over 0 calls
cost slm/tuned      inference $0.00000/call over 360 calls; memory $0.0000 over 0 calls; shadow $0.00002/call
cost slm/base       inference $0.00000/call over 360 calls; memory $0.0000 over 0 calls; shadow $0.00002/call
wrote /Users/sathish/mg/products/areev/docs/assets/fourway-accuracy-light.svg
wrote /Users/sathish/mg/products/areev/docs/assets/fourway-cost-light.svg
wrote /Users/sathish/mg/products/areev/docs/assets/fourway-accuracy-dark.svg
wrote /Users/sathish/mg/products/areev/docs/assets/fourway-cost-dark.svg
wrote /Users/sathish/mg/products/areev/crates/areev-bench/results/fourway-2026-09-05/FOURWAY.json
